Empty: ''
Single: 'A'
Big: 999999999
Big hex: 0x3b9ac9ff
Precise: 123.45678901
Precise short: 123.46
Zero example: 0
Negative example: -42
Negative float example: -3.14
Neg + pos: 58
Neg * neg: 1764
True example: 1
False example: 0
True as int: 1
False as int: 0
x + y + z: 6
x * y * z: 6
(x + y) * z: 6
x + (y * z): 6
Complex: 7.00
