Weird var: 
42
Spaces text: 
test
Deep nesting: 
12
Should be: 2 + (3*4) - (2*3) + 4 = 2 + 12 - 6 + 4 = 12
Max int + 1: 
2147483648
Min int - 1: 
-2147483649
true and false: 
0
true or false: 
1
not true: 
0
not false: 
1
0 = 0: 
1
-1 = 1: 
0
0 < -1: 
0
-1 > 0: 
0
0 % 10: 
0
-5 % 3: 
-2
5 % -3: 
2
Empty list size: 
0
Single list size: 
1
Single element: 
42
Empty buffer size: 
0
Empty buffer empty: 
1
