Numbers 1-5:
1
2
3
4
5
Even numbers 2-10:

2

4

6

8

10
Names:
Alice
Bob
Charlie
Names with greeting:
Hello, Alice!
Hello, Bob!
Hello, Charlie!
FizzBuzz 1-15:
1
2
Fizz
4
Buzz
Fizz
7
8
Fizz
Buzz
11
Fizz
13
14
FizzBuzz
Processing files (treating - as stdin):
Processing: data.txt
Processing: /dev/stdin
Processing: output.txt
Function calls in loop expansion:
Processed: A
Done
Processed: B
Done
Processed: C
Done
For each with conditional:
1
2
divisible by 3
4
5
lucky seven
divisible by 3
8
9
10
Multiple actions:
Item: 1 squared is 
1
Item: 2 squared is 
4
Item: 3 squared is 
9
