Read from test1: 
Hello World
File size: 
20
File readable: 
1
File writable: 
0
Fixed buffer size: 
10
Fixed buffer capacity: 
10
Fixed buffer full: 
1
File not found error handled
Index out of bounds error handled
Original: 
Hello
First byte: 
72
Modified: 
Jello
Append test result: 
First line
Second line
